[    0.000000] Initializing cgroup subsys cpuset
[    0.000000] Initializing cgroup subsys cpu
[    0.000000] Initializing cgroup subsys cpuacct
[    0.000000] Linux version 4.4.0-210-generic (buildd@lgw01-amd64-009) (gcc version 5.4.0 20160609 (Ubuntu 5.4.0-6ubuntu1~16.04.12) ) #242-Ubuntu SMP Fri Apr 16 09:57:56 UTC 2021 (Ubuntu 4.4.0-210.242-generic 4.4.262)
[    0.000000] Command line: BOOT_IMAGE=/boot/vmlinuz-4.4.0-210-generic root=LABEL=cloudimg-rootfs ro console=tty1 console=ttyS0
[    0.000000] KERNEL supported cpus:
[    0.000000]   Intel GenuineIntel
[    0.000000]   AMD AuthenticAMD
[    0.000000]   Centaur CentaurHauls
[    0.000000] x86/fpu: xstate_offset[2]:  576, xstate_sizes[2]:  256
[    0.000000] x86/fpu: Supporting XSAVE feature 0x01: 'x87 floating point registers'
[    0.000000] x86/fpu: Supporting XSAVE feature 0x02: 'SSE registers'
[    0.000000] x86/fpu: Supporting XSAVE feature 0x04: 'AVX registers'
[    0.000000] x86/fpu: Enabled xstate features 0x7, context size is 832 bytes, using 'standard' format.
[    0.000000] e820: BIOS-provided physical RAM map:
[    0.000000] BIOS-e820: [mem 0x0000000000000000-0x000000000009fbff] usable
[    0.000000] BIOS-e820: [mem 0x000000000009fc00-0x000000000009ffff] reserved
[    0.000000] BIOS-e820: [mem 0x00000000000f0000-0x00000000000fffff] reserved
[    0.000000] BIOS-e820: [mem 0x0000000000100000-0x000000007cfeffff] usable
[    0.000000] BIOS-e820: [mem 0x000000007cff0000-0x000000007cffffff] ACPI data
[    0.000000] BIOS-e820: [mem 0x00000000fec00000-0x00000000fec00fff] reserved
[    0.000000] BIOS-e820: [mem 0x00000000fee00000-0x00000000fee00fff] reserved
[    0.000000] BIOS-e820: [mem 0x00000000fffc0000-0x00000000ffffffff] reserved
[    0.000000] NX (Execute Disable) protection: active
[    0.000000] SMBIOS 2.5 present.
[    0.000000] Hypervisor detected: KVM
[    0.000000] e820: last_pfn = 0x7cff0 max_arch_pfn = 0x400000000
[    0.000000] MTRR: Disabled
[    0.000000] x86/PAT: MTRRs disabled, skipping PAT initialization too.
[    0.000000] CPU MTRRs all blank - virtualized system.
[    0.000000] x86/PAT: Configuration [0-7]: WB  WT  UC- UC  WB  WT  UC- UC  
[    0.000000] found SMP MP-table at [mem 0x0009fff0-0x0009ffff] mapped at [ffff88000009fff0]
[    0.000000] Scanning 1 areas for low memory corruption
[    0.000000] RAMDISK: [mem 0x362dc000-0x37165fff]
[    0.000000] ACPI: Early table checksum verification disabled
[    0.000000] ACPI: RSDP 0x00000000000E0000 000024 (v02 VBOX  )
[    0.000000] ACPI: XSDT 0x000000007CFF0030 00003C (v01 VBOX   VBOXXSDT 00000001 ASL  00000061)
[    0.000000] ACPI: FACP 0x000000007CFF00F0 0000F4 (v04 VBOX   VBOXFACP 00000001 ASL  00000061)
[    0.000000] ACPI: DSDT 0x000000007CFF0610 002353 (v02 VBOX   VBOXBIOS 00000002 INTL 20200925)
[    0.000000] ACPI: FACS 0x000000007CFF0200 000040
[    0.000000] ACPI: FACS 0x000000007CFF0200 000040
[    0.000000] ACPI: APIC 0x000000007CFF0240 00005C (v02 VBOX   VBOXAPIC 00000001 ASL  00000061)
[    0.000000] ACPI: SSDT 0x000000007CFF02A0 00036C (v01 VBOX   VBOXCPUT 00000002 INTL 20200925)
[    0.000000] No NUMA configuration found
[    0.000000] Faking a node at [mem 0x0000000000000000-0x000000007cfeffff]
[    0.000000] NODE_DATA(0) allocated [mem 0x7cfeb000-0x7cfeffff]
[    0.000000] kvm-clock: Using msrs 4b564d01 and 4b564d00
[    0.000000] kvm-clock: cpu 0, msr 0:7cfe3001, primary cpu clock
[    0.000000] kvm-clock: using sched offset of 6326224288 cycles
[    0.000000] clocksource: kvm-clock: mask: 0xffffffffffffffff max_cycles: 0x1cd42e4dffb, max_idle_ns: 881590591483 ns
[    0.000000] Zone ranges:
[    0.000000]   DMA      [mem 0x0000000000001000-0x0000000000ffffff]
[    0.000000]   DMA32    [mem 0x0000000001000000-0x000000007cfeffff]
[    0.000000]   Normal   empty
[    0.000000]   Device   empty
[    0.000000] Movable zone start for each node
[    0.000000] Early memory node ranges
[    0.000000]   node   0: [mem 0x0000000000001000-0x000000000009efff]
[    0.000000]   node   0: [mem 0x0000000000100000-0x000000007cfeffff]
[    0.000000] Initmem setup node 0 [mem 0x0000000000001000-0x000000007cfeffff]
[    0.000000] ACPI: PM-Timer IO Port: 0x4008
[    0.000000] IOAPIC[0]: apic_id 2, version 32, address 0xfec00000, GSI 0-23
[    0.000000] ACPI: INT_SRC_OVR (bus 0 bus_irq 0 global_irq 2 dfl dfl)
[    0.000000] ACPI: INT_SRC_OVR (bus 0 bus_irq 9 global_irq 9 low level)
[    0.000000] Using ACPI (MADT) for SMP configuration information
[    0.000000] smpboot: Allowing 2 CPUs, 0 hotplug CPUs
[    0.000000] PM: Registered nosave memory: [mem 0x00000000-0x00000fff]
[    0.000000] PM: Registered nosave memory: [mem 0x0009f000-0x0009ffff]
[    0.000000] PM: Registered nosave memory: [mem 0x000a0000-0x000effff]
[    0.000000] PM: Registered nosave memory: [mem 0x000f0000-0x000fffff]
[    0.000000] e820: [mem 0x7d000000-0xfebfffff] available for PCI devices
[    0.000000] Booting paravirtualized kernel on KVM
[    0.000000] clocksource: refined-jiffies: mask: 0xffffffff max_cycles: 0xffffffff, max_idle_ns: 7645519600211568 ns
[    0.000000] setup_percpu: NR_CPUS:512 nr_cpumask_bits:512 nr_cpu_ids:2 nr_node_ids:1
[    0.000000] PERCPU: Embedded 33 pages/cpu @ffff88007cc00000 s95192 r8192 d31784 u1048576
[    0.000000] Built 1 zonelists in Node order, mobility grouping on.  Total pages: 503864
[    0.000000] Policy zone: DMA32
[    0.000000] Kernel command line: BOOT_IMAGE=/boot/vmlinuz-4.4.0-210-generic root=LABEL=cloudimg-rootfs ro console=tty1 console=ttyS0
[    0.000000] PID hash table entries: 4096 (order: 3, 32768 bytes)
[    0.000000] Memory: 1980832K/2047544K available (8644K kernel code, 1332K rwdata, 4044K rodata, 1492K init, 1164K bss, 66712K reserved, 0K cma-reserved)
[    0.000000] SLUB: HWalign=64, Order=0-3, MinObjects=0, CPUs=2, Nodes=1
[    0.000000] Kernel/User page tables isolation: enabled
[    0.000000] Hierarchical RCU implementation.
[    0.000000] 	Build-time adjustment of leaf fanout to 64.
[    0.000000] 	RCU restricting CPUs from NR_CPUS=512 to nr_cpu_ids=2.
[    0.000000] RCU: Adjusting geometry for rcu_fanout_leaf=64, nr_cpu_ids=2
[    0.000000] NR_IRQS:33024 nr_irqs:440 16
[    0.000000] Console: colour VGA+ 80x25
[    0.000000] console [tty1] enabled
[    0.000000] console [ttyS0] enabled
[    0.000000] tsc: Detected 3034.904 MHz processor
[    1.961889] Calibrating delay loop (skipped) preset value.. 6069.80 BogoMIPS (lpj=12139616)
[    1.988323] pid_max: default: 32768 minimum: 301
[    2.003140] ACPI: Core revision 20150930
[    2.022984] ACPI: 2 ACPI AML tables successfully acquired and loaded
[    2.045126] Security Framework initialized
[    2.059902] Yama: becoming mindful.
[    2.072657] AppArmor: AppArmor initialized
[    2.104317] Dentry cache hash table entries: 262144 (order: 9, 2097152 bytes)
[    2.133730] Inode-cache hash table entries: 131072 (order: 8, 1048576 bytes)
[    2.158196] Mount-cache hash table entries: 4096 (order: 3, 32768 bytes)
[    2.180894] Mountpoint-cache hash table entries: 4096 (order: 3, 32768 bytes)
[    2.203331] Initializing cgroup subsys io
[    2.249175] Initializing cgroup subsys memory
[    2.263498] Initializing cgroup subsys devices
[    2.290149] Initializing cgroup subsys freezer
[    2.303228] Initializing cgroup subsys net_cls
[    2.324364] Initializing cgroup subsys perf_event
[    2.339082] Initializing cgroup subsys net_prio
[    2.357128] Initializing cgroup subsys hugetlb
[    2.370870] Initializing cgroup subsys pids
[    2.388901] mce: CPU supports 0 MCE banks
[    2.413581] Last level iTLB entries: 4KB 512, 2MB 8, 4MB 8
[    2.432715] Last level dTLB entries: 4KB 512, 2MB 0, 4MB 0, 1GB 4
[    2.458793] Spectre V1 : Mitigation: usercopy/swapgs barriers and __user pointer sanitization
[    2.485801] Spectre V2 : Mitigation: Full generic retpoline
[    2.502693] Spectre V2 : Spectre v2 / SpectreRSB mitigation: Filling RSB on context switch
[    2.543433] Speculative Store Bypass: Vulnerable
[    2.560335] MDS: Mitigation: Clear CPU buffers
[    2.643342] Freeing SMP alternatives memory: 36K
[    2.792209] ftrace: allocating 32380 entries in 127 pages
[    3.734780] smpboot: APIC(0) Converting physical 0 to logical package 0
[    3.752780] smpboot: Max logical packages: 1
[    3.775644] x2apic enabled
[    3.797516] Switched APIC routing to physical x2apic.
[    3.847433] ..TIMER: vector=0x30 apic1=0 pin1=2 apic2=-1 pin2=-1
[    3.977188] APIC calibration not consistent with PM-Timer: 105ms instead of 100ms
[    4.018881] APIC delta adjusted to PM-Timer: 6361041 (6690294)
[    4.038155] smpboot: CPU0: Intel(R) Xeon(R) CPU E5-2690 v2 @ 3.00GHz (family: 0x6, model: 0x3e, stepping: 0x4)
[    4.083399] Performance Events: unsupported p6 CPU model 62 no PMU driver, software events only.
[    4.353041] KVM setup paravirtual spinlock
[    4.368212] x86: Booting SMP configuration:
[    4.386467] .... node  #0, CPUs:      #1
[    4.399929] kvm-clock: cpu 1, msr 0:7cfe3041, secondary cpu clock
[    4.420221] mce: CPU supports 0 MCE banks
[    4.438195] x86: Booted up 1 node, 2 CPUs
[    4.456371] smpboot: Total of 2 processors activated (12139.61 BogoMIPS)
[    4.477312] devtmpfs: initialized
[    4.536750] evm: security.selinux
[    4.566845] evm: security.SMACK64
[    4.584602] evm: security.SMACK64EXEC
[    4.605528] evm: security.SMACK64TRANSMUTE
[    4.659340] evm: security.SMACK64MMAP
[    4.689801] evm: security.ima
[    4.704253] evm: security.capability
[    4.722395] clocksource: jiffies: mask: 0xffffffff max_cycles: 0xffffffff, max_idle_ns: 7645041785100000 ns
[    4.759324] futex hash table entries: 512 (order: 3, 32768 bytes)
[    4.784722] pinctrl core: initialized pinctrl subsystem
[    4.803490] RTC time: 19:43:04, date: 11/01/23
[    4.821299] NET: Registered protocol family 16
[    4.847271] cpuidle: using governor ladder
[    4.883184] cpuidle: using governor menu
[    4.896452] PCCT header not found.
[    4.907937] ACPI: bus type PCI registered
[    4.921423] acpiphp: ACPI Hot Plug PCI Controller Driver version: 0.5
[    4.944130] PCI: Using configuration type 1 for base access
[    4.981879] ACPI: Added _OSI(Module Device)
[    4.996182] ACPI: Added _OSI(Processor Device)
[    5.011588] ACPI: Added _OSI(3.0 _SCP Extensions)
[    5.031161] ACPI: Added _OSI(Processor Aggregator Device)
[    5.051218] ACPI: Executed 1 blocks of module-level executable AML code
[    5.083662] ACPI: Interpreter enabled
[    5.095629] ACPI: (supports S0 S5)
[    5.107308] ACPI: Using IOAPIC for interrupt routing
[    5.122211] PCI: Using host bridge windows from ACPI; if necessary, use "pci=nocrs" and report a bug
[    5.201443] ACPI: PCI Root Bridge [PCI0] (domain 0000 [bus 00-ff])
[    5.221369] acpi PNP0A03:00: _OSC: OS supports [ASPM ClockPM Segments MSI]
[    5.240772] acpi PNP0A03:00: _OSC: not requesting OS control; OS requires [ExtendedConfig ASPM ClockPM MSI]
[    5.266919] acpi PNP0A03:00: fail to add MMCONFIG information, can't access extended PCI configuration space under this bridge.
[    5.299769] PCI host bridge to bus 0000:00
[    5.311870] pci_bus 0000:00: root bus resource [io  0x0000-0x0cf7 window]
[    5.329004] pci_bus 0000:00: root bus resource [io  0x0d00-0xffff window]
[    5.346412] pci_bus 0000:00: root bus resource [mem 0x000a0000-0x000bffff window]
[    5.368501] pci_bus 0000:00: root bus resource [mem 0x7d000000-0xfdffffff window]
[    5.391070] pci_bus 0000:00: root bus resource [bus 00-ff]
[    5.428769] pci 0000:00:01.1: legacy IDE quirk: reg 0x10: [io  0x01f0-0x01f7]
[    5.594091] pci 0000:00:01.1: legacy IDE quirk: reg 0x14: [io  0x03f6]
[    5.613217] pci 0000:00:01.1: legacy IDE quirk: reg 0x18: [io  0x0170-0x0177]
[    5.632395] pci 0000:00:01.1: legacy IDE quirk: reg 0x1c: [io  0x0376]
[    5.728646] pci 0000:00:07.0: quirk: [io  0x4000-0x403f] claimed by PIIX4 ACPI
[    5.767661] pci 0000:00:07.0: quirk: [io  0x4100-0x410f] claimed by PIIX4 SMB
[    5.843208] ACPI: PCI Interrupt Link [LNKA] (IRQs 5 9 10 *11)
[    5.868792] ACPI: PCI Interrupt Link [LNKB] (IRQs 5 9 *10 11)
[    5.895704] ACPI: PCI Interrupt Link [LNKC] (IRQs 5 *9 10 11)
[    5.922380] ACPI: PCI Interrupt Link [LNKD] (IRQs 5 9 10 *11)
[    5.948149] ACPI: Enabled 2 GPEs in block 00 to 07
[    5.967576] vgaarb: setting as boot device: PCI:0000:00:02.0
[    5.984431] vgaarb: device added: PCI:0000:00:02.0,decodes=io+mem,owns=io+mem,locks=none
[    6.008818] vgaarb: loaded
[    6.019278] vgaarb: bridge control possible 0000:00:02.0
[    6.034711] SCSI subsystem initialized
[    6.048959] ACPI: bus type USB registered
[    6.061179] usbcore: registered new interface driver usbfs
[    6.077107] usbcore: registered new interface driver hub
[    6.091901] usbcore: registered new device driver usb
[    6.108911] PCI: Using ACPI for IRQ routing
[    6.124926] NetLabel: Initializing
[    6.135596] NetLabel:  domain hash size = 128
[    6.148086] NetLabel:  protocols = UNLABELED CIPSOv4
[    6.162683] NetLabel:  unlabeled traffic allowed by default
[    6.177893] amd_nb: Cannot enumerate AMD northbridges
[    6.191824] clocksource: Switched to clocksource kvm-clock
[    6.228258] AppArmor: AppArmor Filesystem Enabled
[    6.241886] pnp: PnP ACPI init
[    6.257710] pnp: PnP ACPI: found 3 devices
[    6.305293] clocksource: acpi_pm: mask: 0xffffff max_cycles: 0xffffff, max_idle_ns: 2085701024 ns
[    6.329259] NET: Registered protocol family 2
[    6.342358] TCP established hash table entries: 16384 (order: 5, 131072 bytes)
[    6.364075] TCP bind hash table entries: 16384 (order: 6, 262144 bytes)
[    6.385660] TCP: Hash tables configured (established 16384 bind 16384)
[    6.408227] UDP hash table entries: 1024 (order: 3, 32768 bytes)
[    6.428089] UDP-Lite hash table entries: 1024 (order: 3, 32768 bytes)
[    6.449202] NET: Registered protocol family 1
[    6.461813] pci 0000:00:00.0: Limiting direct PCI/PCI transfers
[    6.477569] pci 0000:00:01.0: Activating ISA DMA hang workarounds
[    6.504963] Unpacking initramfs...
[    7.215514] Freeing initrd memory: 14888K
[    7.229433] RAPL PMU detected, API unit is 2^-32 Joules, 3 fixed counters 10737418240 ms ovfl timer
[    7.255627] hw unit of domain pp0-core 2^-0 Joules
[    7.270230] hw unit of domain package 2^-0 Joules
[    7.284818] hw unit of domain dram 2^-0 Joules
[    7.298783] clocksource: tsc: mask: 0xffffffffffffffff max_cycles: 0x2bbf11f5fe4, max_idle_ns: 440795311897 ns
[    7.327382] platform rtc_cmos: registered platform RTC device (no PNP device found)
[    7.352515] Scanning for low memory corruption every 60 seconds
[    7.370461] audit: initializing netlink subsys (disabled)
[    7.385650] audit: type=2000 audit(1698867790.409:1): initialized
[    7.402292] Initialise system trusted keyring
[    7.416536] HugeTLB registered 2 MB page size, pre-allocated 0 pages
[    7.439643] zbud: loaded
[    7.451899] VFS: Disk quotas dquot_6.6.0
[    7.464385] VFS: Dquot-cache hash table entries: 512 (order 0, 4096 bytes)
[    7.487273] squashfs: version 4.0 (2009/01/31) Phillip Lougher
[    7.505049] fuse init (API version 7.23)
[    7.518520] Key type big_key registered
[    7.531555] Allocating IMA MOK and blacklist keyrings.
[    7.553787] Key type asymmetric registered
[    7.566857] Asymmetric key parser 'x509' registered
[    7.581424] Block layer SCSI generic (bsg) driver version 0.4 loaded (major 249)
[    7.604663] io scheduler noop registered
[    7.617570] io scheduler deadline registered (default)
[    7.632596] io scheduler cfq registered
[    7.645504] pci_hotplug: PCI Hot Plug PCI Core version: 0.5
[    7.661097] pciehp: PCI Express Hot Plug Controller Driver version: 0.4
[    7.680755] ACPI: AC Adapter [AC] (on-line)
[    7.695545] input: Power Button as /devices/LNXSYSTM:00/LNXPWRBN:00/input/input0
[    7.720262] ACPI: Power Button [PWRF]
[    7.734008] input: Sleep Button as /devices/LNXSYSTM:00/LNXSLPBN:00/input/input1
[    7.757715] ACPI: Sleep Button [SLPF]
[    7.770419] GHES: HEST is not enabled!
[    7.783332] Serial: 8250/16550 driver, 32 ports, IRQ sharing enabled
[    .839776] 00:02: ttyS0 at I/O 0xf8 (rq= 4,base_aud  11520) i a 1550A[    7.902454] Linux agpgart interface v0.103
[    7.923891] loop: module loaded
[    7.938838] scsi host0: ata_piix
[    7.950908] scsi host1: ata_piix
[    7.962435] ata1: PATA max UDMA/33 cmd 0x1f0 ctl 0x3f6 bmdma 0xd000 irq 14
[    7.980544] ata2: PATA max UDMA/33 cmd 0x170 ctl 0x376 bmdma 0xd008 irq 15
[    8.001120] libphy: Fixed MDIO Bus: probed
[    8.014294] tun: Universal TUN/TAP device driver, 1.6
[    8.028364] tun: (C) 1999-2004 Max Krasnyansky <maxk@qualcomm.com>
[    8.054100] PPP generic driver version 2.4.2
[    8.071235] ehci_hcd: USB 2.0 'Enhanced' Host Controller (EHCI) Driver
[    8.091478] ehci-pci: EHCI PCI platform driver
[    8.106782] ehci-platform: EHCI generic platform driver
[    8.123516] ohci_hcd: USB 1.1 'Open' Host Controller (OHCI) Driver
[    8.142858] ohci-pci: OHCI PCI platform driver
[    8.158571] ohci-platform: OHCI generic platform driver
[    8.175451] uhci_hcd: USB Universal Host Controller Interface driver
[    8.195066] i8042: PNP: PS/2 Controller [PNP0303:PS2K,PNP0f03:PS2M] at 0x60,0x64 irq 1,12
[    8.227563] serio: i8042 KBD port at 0x60,0x64 irq 1
[    8.243747] serio: i8042 AUX port at 0x60,0x64 irq 12
[    8.264134] mousedev: PS/2 mouse device common for all mice
[    8.290429] rtc_cmos rtc_cmos: rtc core: registered rtc_cmos as rtc0
[    8.315424] rtc_cmos rtc_cmos: alarms up to one day, 114 bytes nvram
[    8.341603] i2c /dev entries driver
[    8.368623] device-mapper: uevent: version 1.0.3
[    8.387072] device-mapper: ioctl: 4.34.0-ioctl (2015-10-28) initialised: dm-devel@redhat.com
[    8.431989] ledtrig-cpu: registered to indicate activity on CPUs
[    8.455917] input: AT Translated Set 2 keyboard as /devices/platform/i8042/serio0/input/input2
[    8.463896] NET: Registered protocol family 10
[    8.464308] NET: Registered protocol family 17
[    8.464323] Key type dns_resolver registered
[    8.495328] registered taskstats version 1
[    8.495371] Loading compiled-in X.509 certificates
[    8.496639] Loaded X.509 cert 'Build time autogenerated kernel key: cf00e047681d67edb2720680708b7d9498083038'
[    8.496671] zswap: loaded using pool lzo/zbud
[    8.501542] Key type trusted registered
[    8.526761] Key type encrypted registered
[    8.526773] AppArmor: AppArmor sha1 policy hashing enabled
[    8.526777] ima: No TPM chip found, activating TPM-bypass!
[    8.526787] ima: Allocated hash algorithm: sha1
[    8.526832] evm: HMAC attrs: 0x1
[    8.538287]   Magic number: 15:804:747
[    8.540515] rtc_cmos rtc_cmos: setting system clock to 2023-11-01 19:43:07 UTC (1698867787)
[    8.540721] BIOS EDD facility v0.16 2004-Jun-25, 0 devices found
[    8.540721] EDD information not available.
[    8.812855] Freeing unused kernel memory: 1492K
[    8.980104] Write protecting the kernel read-only data: 14336k
[    8.999650] Freeing unused kernel memory: 1584K
[    9.026038] Freeing unused kernel memory: 52K
Loading, please wait...
starting version 229
[    9.137034] random: systemd-udevd: uninitialized urandom read (16 bytes read, 4 bits of entropy available)
[    9.137051] random: udevadm: uninitialized urandom read (16 bytes read, 4 bits of entropy available)
[    9.137103] random: udevadm: uninitialized urandom read (16 bytes read, 4 bits of entropy available)
[    9.168532] random: udevadm: uninitialized urandom read (16 bytes read, 4 bits of entropy available)
[    9.168657] random: udevadm: uninitialized urandom read (16 bytes read, 4 bits of entropy available)
[    9.169098] random: udevadm: uninitialized urandom read (16 bytes read, 4 bits of entropy available)
[    9.169268] random: udevadm: uninitialized urandom read (16 bytes read, 4 bits of entropy available)
[    9.169488] random: udevadm: uninitialized urandom read (16 bytes read, 4 bits of entropy available)
[    9.169638] random: udevadm: uninitialized urandom read (16 bytes read, 4 bits of entropy available)
[    9.169806] random: udevadm: uninitialized urandom read (16 bytes read, 4 bits of entropy available)
[    9.575468] e1000: Intel(R) PRO/1000 Network Driver - version 7.3.21-k8-NAPI
[    9.594472] e1000: Copyright (c) 1999-2006 Intel Corporation.
[    9.673408] Fusion MPT base driver 3.04.20
[    9.687052] Copyright (c) 1999-2008 LSI Corporation
[    9.709857] AVX version of gcm_enc/dec engaged.
[    9.724564] AES CTR mode by8 optimization enabled
[    9.750086] Fusion MPT SPI Host driver 3.04.20
[    9.882652] input: ImExPS/2 Generic Explorer Mouse as /devices/platform/i8042/serio1/input/input4
[   10.926398] e1000 0000:00:03.0 eth0: (PCI:33MHz:32-bit) 02:be:82:6b:cc:1d
[   10.945072] e1000 0000:00:03.0 eth0: Intel(R) PRO/1000 Network Connection
[   12.210879] e1000 0000:00:08.0 eth1: (PCI:33MHz:32-bit) 08:00:27:a9:31:b7
[   12.228746] e1000 0000:00:08.0 eth1: Intel(R) PRO/1000 Network Connection
[   12.258008] e1000 0000:00:08.0 enp0s8: renamed from eth1
[   12.264016] mptbase: ioc0: Initiating bringup
[   12.297978] e1000 0000:00:03.0 enp0s3: renamed from eth0
[   12.604239] ioc0: LSI53C1030 A0: Capabilities={Initiator}
[   14.463589] scsi host2: ioc0: LSI53C1030 A0, FwRev=00000000h, Ports=1, MaxQ=256, IRQ=20
[   16.043403] scsi 2:0:0:0: Direct-Access     VBOX     HARDDISK         1.0  PQ: 0 ANSI: 5
[   16.269296] scsi target2:0:0: Beginning Domain Validation
[   16.304898] scsi target2:0:0: Domain Validation skipping write tests
[   16.335951] scsi target2:0:0: Ending Domain Validation
[   16.350904] scsi target2:0:0: asynchronous
[   16.374583] scsi 2:0:1:0: Direct-Access     VBOX     HARDDISK         1.0  PQ: 0 ANSI: 5
[   16.400345] scsi target2:0:1: Beginning Domain Validation
[   16.421020] scsi target2:0:1: Domain Validation skipping write tests
[   16.437517] scsi target2:0:1: Ending Domain Validation
[   16.452303] scsi target2:0:1: asynchronous
[   16.500910] sd 2:0:0:0: Attached scsi generic sg0 type 0
[   16.516847] sd 2:0:1:0: Attached scsi generic sg1 type 0
[   16.546914] sd 2:0:0:0: [sda] 83886080 512-byte logical blocks: (42.9 GB/40.0 GiB)
[   16.547064] sd 2:0:1:0: [sdb] 20480 512-byte logical blocks: (10.5 MB/10.0 MiB)
[   16.547930] sd 2:0:1:0: [sdb] Write Protect is off
[   16.548507] sd 2:0:1:0: [sdb] Incomplete mode parameter data
[   16.548510] sd 2:0:1:0: [sdb] Assuming drive cache: write through
[   16.565699] sd 2:0:1:0: [sdb] Attached SCSI disk
[   16.700681] sd 2:0:0:0: [sda] Write Protect is off
[   16.718761] sd 2:0:0:0: [sda] Incomplete mode parameter data
[   16.734288] sd 2:0:0:0: [sda] Assuming drive cache: write through
[   16.768094]  sda: sda1
[   16.781176] sd 2:0:0:0: [sda] Attached SCSI diBegiBegin: Loading essential drivers ... [   22.805930] md: linear personality registered for level -1
[   22.849851] md: multipath personality registered for level -4
[   22.890044] md: raid0 personality registered for level 0
[   22.974070] md: raid1 personality registered for level 1
[   23.113560] raid6: sse2x1   gen()  1424 MB/s
[   23.201336] raid6: sse2x1   xor()  1182 MB/s
[   23.299513] raid6: sse2x2   gen()  3366 MB/s
[   23.543923] raid6: sse2x2   xor()  7940 MB/s
[   23.692391] raid6: sse2x4   gen()  9801 MB/s
[   23.794961] raid6: sse2x4   xor()  3621 MB/s
[   23.823311] raid6: using algorithm sse2x4 gen() 9801 MB/s
[   23.864229] raid6: .... xor() 3621 MB/s, rmw enabled
[   23.885775] raid6: using ssse3x2 recovery algorithm
[   23.918901] xor: automatically using best checksumming function:
[   23.976073]    avx       : 11794.000 MB/sec
[   23.991254] async_tx: api initialized (async)
[   24.105826] md: raid6 personality registered for level 6
[   24.125161] md: raid5 personality registered for level 5
[   24.146140] md: raid4 personality registered for level 4
[   24.242410] md: raid10 personality registered for level 10
done.
Begin: Running /scripts/init-premount ... done.
Begin: Mounting root file system ... Begin: Running /scripts/local-top ... done.
Begin: Running /scripts/local-premount ... [   24.537335] Btrfs loaded
Scanning for Btrfs filesystems
done.
Warning: fsck not present, so skipping root file system
[   24.767740] EXT4-fs (sda1): INFO: recovery required on readonly filesystem
[   24.802779] EXT4-fs (sda1): write access will be enabled during recovery
[   25.566783] EXT4-fs (sda1): recovery complete
[   25.587767] EXT4-fs (sda1): mounted filesystem with ordered data mode. Opts: (null)
done.
Begin: Running /scripts/local-bottom ... done.
Begin: Running /scripts/init-bottom ... done.
[   26.117811] systemd[1]: systemd 229 running in system mode. (+PAM +AUDIT +SELINUX +IMA +APPARMOR +SMACK +SYSVINIT +UTMP +LIBCRYPTSETUP +GCRYPT +GNUTLS +ACL +XZ -LZ4 +SECCOMP +BLKID +ELFUTILS +KMOD -IDN)
[   26.173366] systemd[1]: Detected virtualization oracle.
[   26.189739] systemd[1]: Detected architecture x86-64.

Welcome to [1mUbuntu 16.04.7 LTS[0m!

[   26.223949] systemd[1]: Set hostname to <srv3>.
[   26.668463] random: nonblocking pool is initialized
[   27.083368] systemd[1]: Listening on Journal Audit Socket.
[[0;32m  OK  [0m] Listening on Journal Audit Socket.
[   27.119494] systemd[1]: Set up automount Arbitrary Executable File Formats File System Automount Point.
[[0;32m  OK  [0m] Set up automount Arbitrary Executab...ats File System Automount Point.
[   27.194432] systemd[1]: Listening on udev Kernel Socket.
[[0;32m  OK  [0m] Listening on udev Kernel Socket.
[   27.245185] systemd[1]: Listening on LVM2 metadata daemon socket.
[[0;32m  OK  [0m] Listening on LVM2 metadata daemon socket.
[   27.302327] systemd[1]: Listening on udev Control Socket.
[[0;32m  OK  [0m] Listening on udev Control Socket.
[   27.338021] systemd[1]: Listening on Journal Socket (/dev/log).
[[0;32m  OK  [0m] Listening on Journal Socket (/dev/log).
[   27.376954] systemd[1]: Reached target System Time Synchronized.
[[0;32m  OK  [0m] Reached target System Time Synchronized.
[   27.426972] systemd[1]: Listening on Journal Socket.
[[0;32m  OK  [0m] Listening on Journal Socket.
[   27.492422] systemd[1]: Listening on LVM2 poll daemon socket.
[[0;32m  OK  [0m] Listening on LVM2 poll daemon socket.
[   27.538808] systemd[1]: Created slice System Slice.
[[0;32m  OK  [0m] Created slice System Slice.
[   27.612243] systemd[1]: Starting Uncomplicated firewall...
         Starting Uncomplicated firewall...
[   27.671957] systemd[1]: Mounting Huge Pages File System...
         Mounting Huge Pages File System...
[   27.724813] systemd[1]: Starting Nameserver information manager...
         Starting Nameserver information manager...
[   27.783996] systemd[1]: Created slice system-serial\x2dgetty.slice.
[[0;32m  OK  [0m] Created slice system-serial\x2dgetty.slice.
[   27.856481] systemd[1]: Starting Set console keymap...
         Starting Set console keymap...
[   27.901530] systemd[1]: Started Forward Password Requests to Wall Directory Watch.
[[0;32m  OK  [0m] Started Forward Password Requests to Wall Directory Watch.
[   27.988173] systemd[1]: Mounting POSIX Message Queue File System...
         Mounting POSIX Message Queue File System...
[   28.033564] systemd[1]: Listening on Device-mapper event daemon FIFOs.
[[0;32m  OK  [0m] Listening on Device-mapper event daemon FIFOs.
[   28.093201] systemd[1]: Starting Monitoring of LVM2 mirrors, snapshots etc. using dmeventd or progress polling...
         Starting Monitoring of LVM2 mirrors... dmeventd or progress polling...
[   28.151091] systemd[1]: Mounting Debug File System...
         Mounting Debug File System...
[   28.201978] systemd[1]: Starting Load Kernel Modules...
         Starting Load Kernel Modules...
[   28.234922] systemd[1]: Started Trigger resolvconf update for networkd DNS.
[   28.270227] Loading iSCSI transport class v2.0-870.
[[0;32m  OK  [0m] Started Trigger resolvconf update for networkd DNS.
[   28.296498] systemd[1]: Created slice User and Session Slice.
[[0;32m  OK  [0m] Created slice User and Session Slice.
[   28.339224] systemd[1]: Reached target Slices.
[[0;32m  OK  [0m] Reached target Slices.
[   28.366090] systemd[1]: Listening on /dev/initctl Compatibility Named Pipe.
[   28.393926] iscsi: registered transport (tcp)
[[0;32m  OK  [0m] Listening on /dev/initctl Compatibility Named Pipe.
[   28.418700] systemd[1]: Reached target User and Group Name Lookups.
[[0;32m  OK  [0m] Reached target User and Group Name Lookups.
[   28.473122] systemd[1]: Starting Create list of required static device nodes for the current kernel...
         Starting Create list of required st... nodes for the current kernel...
[   28.524884] systemd[1]: Listening on Syslog Socket.
[[0;32m  OK  [0m] Listening on Syslog Socket.
[   28.559957] systemd[1]: Starting Journal Service...
         Starting Journal Service...
[   28.593607] systemd[1]: Reached target Swap.
[[0;32m  OK  [0m] Reached target Swap.
[   28.628583] systemd[1]: Listening on fsck to fsckd communication Socket.
[[0;32m  OK  [0m] Listening on fsck to fsckd communication Socket.
[   28.693212] iscsi: registered transport (iser)
[   28.712748] systemd[1]: Starting File System Check on Root Device...
         Starting File System Check on Root Device...
[   28.757005] systemd[1]: Reached target Encrypted Volumes.
[[0;32m  OK  [0m] Reached target Encrypted Volumes.
[   28.814968] systemd[1]: Mounted Huge Pages File System.
[[0;32m  OK  [0m] Mounted Huge Pages File System.
[   28.850801] systemd[1]: Mounted POSIX Message Queue File System.
[[0;32m  OK  [0m] Mounted POSIX Message Queue File System.
[   28.891410] systemd[1]: Mounted Debug File System.
[[0;32m  OK  [0m] Mounted Debug File System.
[   28.923318] systemd[1]: Started Journal Service.
[[0;32m  OK  [0m] Started Journal Service.
[[0;32m  OK  [0m] Started Uncomplicated firewall.
[[0;32m  OK  [0m] Started Set console keymap.
[[0;32m  OK  [0m] Started Load Kernel Modules.
[[0;32m  OK  [0m] Started Create list of required sta...ce nodes for the current kernel.
[[0;32m  OK  [0m] Started File System Check on Root Device.
[[0;32m  OK  [0m] Started Nameserver information manager.
[[0;32m  OK  [0m] Started File System Check Daemon to report status.
[[0;32m  OK  [0m] Started LVM2 metadata daemon.
         Starting Remount Root and Kernel File Systems...
         Starting Create Static Device Nodes in /dev...
         Starting Apply Kernel Variables...
         Mounting FUSE Control File System...
[   29.227494] EXT4-fs (sda1): re-mounted. Opts: (null)
[[0;32m  OK  [0m] Mounted FUSE Control File System.
[[0;32m  OK  [0m] Started Remount Root and Kernel File Systems.
         Starting Load/Save Random Seed...
         Starting Flush Journal to Persistent Storage...
         Starting udev Coldplug all Devices...
[[0;32m  OK  [0m] Started Create Static Device Nodes in /dev.
[[0;32m  OK  [0m] Started Apply Kernel Variables.
[[0;32m  OK  [0m] Started Load/Save Random Seed.
         Starting udev Kernel Device Manager...
[[0;32m  OK  [0m] Started Flush Journal to Persistent Storage.
[[0;32m  OK  [0m] Started udev Kernel Device Manager.
[[0;32m  OK  [0m] Started Monitoring of LVM2 mirrors,...ng dmeventd or progress polling.
[[0;32m  OK  [0m] Started udev Coldplug all Devices.
[[0;32m  OK  [0m] Reached target Local File Systems (Pre).
[[0;32m  OK  [0m] Reached target Local File Systems.
         Starting Create Volatile Files and Directories...
         Starting Tell Plymouth To Write Out Runtime Data...
         Starting Initial cloud-init job (pre-networking)...
         Starting LSB: AppArmor initialization...
         Starting Set console font and keymap...
[[0;32m  OK  [0m] Started Dispatch Password Requests to Console Directory Watch.
[[0;32m  OK  [0m] Started Create Volatile Files and Directories.
[[0;32m  OK  [0m] Started Tell Plymouth To Write Out Runtime Data.
         Starting Update UTMP about System Boot/Shutdown...
[[0;32m  OK  [0m] Started Update UTMP about System Boot/Shutdown.
[[0;32m  OK  [0m] Found device /dev/ttyS0.
[[0;32m  OK  [0m] Started LSB: AppArmor initialization.
[[0;32m  OK  [0m] Listening on Load/Save RF Kill Switch Status /dev/rfkill Watch.
[   29.292749] cloud-init[493]: Cloud-init v. 21.1-19-gbad84ad4-0ubuntu1~16.04.2 running 'init-local' at Wed, 01 Nov 2023 19:43:31 +0000. [[0;32m  OK  [0m]         Starting Load AppArmor profiles managed internally by snapd...
[[0;32m  OK  [0m] Started Load AppArmor profiles managed internally by snapd.
[[0;32m  OK  [0m] Started Initial cloud-init job (pre-networking).
[[0;32m  OK  [0m] Reached target Network (Pre).
         Starting Raise network interfaces...
[[0;32m  OK  [0m] Started ifup for enp0s3.
[[0;32m  OK  [0m] Started ifup for enp0s8.
[[0;32m  OK  [0m] Found device 82540EM Gigabit Ethern...r (PRO/1000 MT Desktop Adapter).
[[0;32m  OK  [0m] Found device 82540EM Gigabit Ethern...r (PRO/1000 MT Desktop Adapter).
[[0;32m  OK  [0m] Started Set console font and keymap.
[[0;32m  OK  [0m] Created slice system-getty.slice.
[[0;32m  OK  [0m] Started Raise network interfaces.
         Starting Initial cloud-init job (metadata service crawler)...
[[0;32m  OK  [0m] Reached target Network.
[   43.169834] cloud-init[1086]: Cloud-init v. 21.1-19-gbad84ad4-0ubuntu1~16.04.2 running 'init' at Wed, 01 Nov 2023 19:43:45 +0000. Up 42.23 seconds.
[   43.192412] cloud-init[1086]: ci-info: ++++++++++++++++++++++++++++++++++++++Net device info+++++++++++++++++++++++++++++++++++++++
[   43.237401] cloud-init[1086]: ci-info: +--------+------+-----------------------------+---------------+--------+-------------------+
[   43.271955] cloud-init[1086]: ci-info: | Device |  Up  |           Address           |      Mask     | Scope  |     Hw-Address    |
[   43.297813] cloud-init[1086]: ci-info: +--------+------+-----------------------------+---------------+--------+-------------------+
[   43.327119] cloud-init[1086]: ci-info: | enp0s3 | True |          10.0.2.15          | 255.255.255.0 | global | 02:be:82:6b:cc:1d |
[   43.344724] cloud-init[1086]: ci-info: | enp0s3 | True |  fe80::be:82ff:fe6b:cc1d/64 |       .       |  link  | 02:be:82:6b:cc:1d |
[   43.368019] cloud-init[1086]: ci-info: | enp0s8 | True |         10.20.8.108         | 255.255.255.0 | global | 08:00:27:a9:31:b7 |
[   43.400360] cloud-init[1086]: ci-info: | enp0s8 | True | fe80::a00:27ff:fea9:31b7/64 |       .       |  link  | 08:00:27:a9:31:b7 |
[   43.416999] cloud-init[1086]: ci-info: |   lo   | True |          127.0.0.1          |   255.0.0.0   |  host  |         .         |
[   43.433908] cloud-init[1086]: ci-info: |   lo   | True |           ::1/128           |       .       |  host  |         .         |
[   43.453685] cloud-init[1086]: ci-info: +--------+------+-----------------------------+---------------+--------+-------------------+
[   43.479018] cloud-init[1086]: ci-info: +++++++++++++++++++++++++++Route IPv4 info++++++++++++++++++++++++++++
[   43.493636] cloud-init[1086]: ci-info: +-------+-------------+----------+---------------+-----------+-------+
[   43.519815] cloud-init[1086]: ci-info: | Route | Destination | Gateway  |    Genmask    | Interface | Flags |
[   43.534001] cloud-init[1086]: ci-info: +-------+-------------+----------+---------------+-----------+-------+
[   43.547981] cloud-init[1086]: ci-info: |   0   |   0.0.0.0   | 10.0.2.2 |    0.0.0.0    |   enp0s3  |   UG  |
[[   43.562070] cloud-init[1086]: ci-info: |   1   |   10.0.2.0  | 0.0.0.0  | 255.255.255.0 |   enp0s3  |   U   |
[0;32m  OK  [0m] Started Initial cloud-init job (metadata service crawler).
[[0;32m  OK  [0m] Reached target Cloud-config availability.
[[0;32m  OK  [0m] Reached target Network is Online.
[   43.578098] cloud-init[1086]: ci-info: |   2   |  10.20.8.0  | 0.0.0.0  | 255.255.255.0 |   enp0s8  |   U   |
[   43.602253] cloud-init[1086]: ci-info: +-------+-------------+----------+---------------+-----------+-------+
[   43.632826] cloud-init[1086]: ci-info: +++++++++++++++++++Route IPv6 info+++++++++++++++++++
[   43.653770] cloud-init[1086]: ci-info: +-------+-------------+---------+-----------+-------+
[   43.693002]          Starting iSCSI initiator daemon (iscsid)...
[[0;32m  OK  [0m] Reached target System Initialization.
[[0;32m  OK  [0m] Listening on D-Bus System Message Bus Socket.
[[0;32m  OK  [0m] Started ACPI Events Check.
cloud-init[1086]: ci-info: | Route | Destination | Gateway | Interface | Flags |
[   43.749863] cloud-init[1086]: ci-info: +-------+-------------+---------+-----------+-------+
[[0;32m  OK  [0m] Reached target Paths.
[   43.784483] cloud-init[1086]: ci-info: |   0   |  fe80::/64  |    ::   |   enp0s3  |   U   |
[   43.819896] cloud-init[1086]: ci-info: |   1   |  fe80::/64  |    ::   |   enp0s8  |   U   |
[   43.824607] cloud-init[1086]: ci-info: |   6   |   ff00::/8  |    ::   |   enp0s3  |   U   |
[   43.848473] cloud-init[1086]: ci-info: |   7   |   ff00::/8  |    ::   |   enp0s8  |   U   |
[   43.848927] cloud-init[1086]: ci-info: +-------+-------------+---------+-----------+-------+
         Starting Socket activation for snappy daemon.
         Starting LXD - unix socket.
[[0;32m  OK  [0m] Listening on ACPID Listen Socket.
[[0;32m  OK  [0m] Started Daily Cleanup of Temporary Directories.
[[0;32m  OK  [0m] Started Ubuntu Advantage update messaging.
[[0;32m  OK  [0m] Started Message of the Day.
[[0;32m  OK  [0m] Listening on UUID daemon activation socket.
[[0;32m  OK  [0m] Started Daily apt download activities.
[[0;32m  OK  [0m] Started Daily apt upgrade and clean activities.
[[0;32m  OK  [0m] Reached target Timers.
[[0;32m  OK  [0m] Listening on Socket activation for snappy daemon.
[[0;32m  OK  [0m] Listening on LXD - unix socket.
[[0;32m  OK  [0m] Started iSCSI initiator daemon (iscsid).
         Starting Login to default iSCSI targets...
[[0;32m  OK  [0m] Reached target Sockets.
[[0;32m  OK  [0m] Reached target Basic System.
         Starting Accounts Service...
         Starting LSB: MD monitoring daemon...
[[0;32m  OK  [0m] Started FUSE filesystem for LXC.
         Starting Message of the Day...
[[0;32m  OK  [0m] Started ACPI event daemon.
         Starting LSB: Record successful boot for GRUB...
         Starting System Logging Service...
         Starting OpenBSD Secure Shell server...
         Starting Snap Daemon...
[[0;32m  OK  [0m] Started Regular background program processing daemon.
[[0;32m  OK  [0m] Started Deferred execution scheduler.
         Starting LXD - container startup/shutdown...
         Starting Login Service...
[[0;32m  OK  [0m] Started D-Bus System Message Bus.
         Starting Virtualbox guest utils...
         Starting /etc/rc.local Compatibility...
         Starting Ubuntu Advantage APT and MOTD Messages...
[[0;32m  OK  [0m] Started System Logging Service.
[[0;32m  OK  [0m] Started Message of the Day.
[[0;32m  OK  [0m] Started /etc/rc.local Compatibility.
[[0;32m  OK  [0m] Started OpenBSD Secure Shell server.
[[0;32m  OK  [0m] Started LXD - container startup/shutdown.
[[0;32m  OK  [0m] Started Login Service.
[[0;32m  OK  [0m] Started Unattended Upgrades Shutdown.
         Starting Authenticate and Authorize Users to Run Privileged Tasks...
[[0;32m  OK  [0m] Started LSB: MD monitoring daemon.
[[0;32m  OK  [0m] Started LSB: Record successful boot for GRUB.
[[0;32m  OK  [0m] Started Login to default iSCSI targets.
[[0;32m  OK  [0m] Reached target Remote File Systems (Pre).
[[0;32m  OK  [0m] Reached target Remote File Systems.
         Starting LSB: Set the CPU Frequency Scaling governor to "ondemand"...
         Starting Permit User Sessions...
         Starting LSB: daemon to balance interrupts for SMP systems...
         Starting LSB: automatic crash report generation...
[[0;32m  OK  [0m] Started Permit User Sessions.
[[0;32m  OK  [0m] Started Authenticate and Authorize Users to Run Privileged Tasks.
         Starting Hold until boot process finishes up...
         Starting Terminate Plymouth Boot Screen...
[[0;32m  OK  [0m] Started Hold until boot process finishes up.
[[0;32m  OK  [0m] Started Accounts Service.
[[0;32m  OK  [0m] Started Getty on tty1.
[[0;32m  OK  [0m] Started Serial Getty on ttyS0.
[[0;32m  OK  [0m] Reached target Login Prompts.
         Starting Set console scheme...
[[0;32m  OK  [0m] Started Terminate Plymouth Boot Screen.
[[0;32m  OK  [0m] Started LSB: Set the CPU Frequency Scaling governor to "ondemand".
[[0;32m  OK  [0m] Started Set console scheme.
[[0;32m  OK  [0m] Started LSB: automatic crash report generation.
[[0;32m  OK  [0m] Started LSB: daemon to balance interrupts for SMP systems.
[[0;32m  OK  [0m] Started Virtualbox guest utils.
[[0;32m  OK  [0m] Started Snap Daemon.
         Starting Wait until snapd is fully seeded...
[[0;32m  OK  [0m] Started Wait until snapd is fully seeded.
[[0;32m  OK  [0m] Reached target Multi-User System.
[[0;32m  OK  [0m] Reached target Graphical Interface.
         Starting Update UTMP about System Runlevel Changes...
         Starting Apply the settings specified in cloud-config...
[[0;32m  OK  [0m] Started Update UTMP about System Runlevel Changes.
[[0;32m  OK  [0m] Started Ubuntu Advantage APT and MOTD Messages.
[   47.625195] cloud-init[1349]: Cloud-init v. 21.1-19-gbad84ad4-0ubuntu1~16.04.2 running 'modules:config' at Wed, 01 Nov 2023 19:43:50 +0000. Up 47.25 seconds.
[[0;32m  OK  [0m] Started Apply the settings specified in cloud-config.
         Starting Execute cloud user/final scripts...
[   49.940693] cloud-init[1370]: Cloud-init v. 21.1-19-gbad84ad4-0ubuntu1~16.04.2 running 'modules:final' at Wed, 01 Nov 2023 19:43:53 +0000. Up 49.55 seconds.
[   49.990086] cloud-init[1370]: Cloud-init v. 21.1-19-gbad84ad4-0ubuntu1~16.04.2 finished at Wed, 01 Nov 2023 19:43:53 +0000. Datasource DataSourceNoCloud [seed=/dev/sdb][dsmode=net].  Up 49.92 seconds
[[0;32m  OK  [0m] Started Exec[[0;32m  OK  [0m] Started ACPI event daemon.
[[0;32m  OK  [0m] Started ACPI event daemon.
[[0;32m  OK  [0m] Started ACPI event daemon.
[[0;32m  OK  [0m] Started Daily apt upgrade and clean activities.
ed ACPI event daemon.
[[0;32m  OK  [0m] Started ACPI event daemon.
[[0;32m  OK  [0m] Started ACPI event daemon.
[[0;32m  OK  [0m] Created slice User Slice of vagrant.
         Starting User Manager for UID 1000...
[[0;32m  OK  [0m] Started Session 1 of user vagrant.
[[0;32m  OK  [0m] Started User Manager for UID 1000.
[[0;32m  OK  [0m] Started Daily apt upgrade and clean activities.
